#
# There is insufficient memory for the Java Runtime Environment to continue.
# Native memory allocation (malloc) failed to allocate 1048576 bytes. Error detail: AllocateHeap
# Possible reasons:
#   The system is out of physical RAM or swap space
#   This process is running with CompressedOops enabled, and the Java Heap may be blocking the growth of the native heap
# Possible solutions:
#   Reduce memory load on the system
#   Increase physical memory or swap space
#   Check if swap backing store is full
#   Decrease Java heap size (-Xmx/-Xms)
#   Decrease number of Java threads
#   Decrease Java thread stack sizes (-Xss)
#   Set larger code cache with -XX:ReservedCodeCacheSize=
#   JVM is running with Unscaled Compressed Oops mode in which the Java heap is
#     placed in the first 4GB address space. The Java Heap base address is the
#     maximum limit for the native heap growth. Please use -XX:HeapBaseMinAddress
#     to set the Java Heap base and to place the Java Heap above 4GB virtual address.
# This output file may be truncated or incomplete.
#
#  Out of Memory Error (allocation.cpp:44), pid=24104, tid=20064
#
# JRE version: OpenJDK Runtime Environment Temurin-21.0.12.1+1 (21.0.12.1+1) (build 21.0.12.1+1-LTS)
# Java VM: OpenJDK 64-Bit Server VM Temurin-21.0.12.1+1 (21.0.12.1+1-LTS, mixed mode, sharing, tiered, compressed oops, compressed class ptrs, parallel gc, windows-amd64)
# No core dump will be written. Minidumps are not enabled by default on client versions of Windows
#

---------------  S U M M A R Y ------------

Command Line: --add-modules=ALL-SYSTEM --add-opens=java.base/java.util=ALL-UNNAMED --add-opens=java.base/java.lang=ALL-UNNAMED --add-opens=java.base/sun.nio.fs=ALL-UNNAMED -Declipse.application=org.eclipse.jdt.ls.core.id1 -Dosgi.bundles.defaultStartLevel=4 -Declipse.product=org.eclipse.jdt.ls.core.product -Djava.import.generatesMetadataFilesAtProjectRoot=false -Dm2e.project.cache.size=50 -DDetectVMInstallationsJob.disabled=true -Dfile.encoding=utf8 -XX:+UseParallelGC -XX:GCTimeRatio=4 -XX:AdaptiveSizePolicyWeight=90 -Dsun.zip.disableMemoryMapping=true -Xmx2G -Xms100m -Xlog:disable -javaagent:c:\Users\nairx\.vscode\extensions\redhat.java-1.56.0-win32-x64\lombok\lombok-1.18.39-4050.jar -XX:+HeapDumpOnOutOfMemoryError -XX:HeapDumpPath=c:\Users\nairx\AppData\Roaming\Code\User\workspaceStorage\c807d2dcc260e97675d8e210892ebe21\redhat.java -Daether.dependencyCollector.impl=bf c:\Users\nairx\.vscode\extensions\redhat.java-1.56.0-win32-x64\server\plugins\org.eclipse.equinox.launcher_1.8.0.v20260804-1928.jar -configuration c:\Users\nairx\AppData\Roaming\Code\User\globalStorage\redhat.java\1.56.0\config_win -data c:\Users\nairx\AppData\Roaming\Code\User\workspaceStorage\c807d2dcc260e97675d8e210892ebe21\redhat.java\jdt_ws --pipe=\\.\pipe\lsp-4755d45496491ebff8cf54682c128d55-sock

Host: 11th Gen Intel(R) Core(TM) i5-1135G7 @ 2.40GHz, 8 cores, 7G,  Windows 11 , 64 bit Build 26100 (10.0.26100.9549)
Time: Mon Oct  5 12:59:26 2026 India Standard Time elapsed time: 9049.220224 seconds (0d 2h 30m 49s)

---------------  T H R E A D  ---------------

Current thread (0x0000021acc80c670):  JavaThread "Attach Listener" daemon [_thread_in_vm, id=20064, stack(0x000000c698000000,0x000000c698100000) (1024K)]

Stack: [0x000000c698000000,0x000000c698100000]
Native frames: (J=compiled Java code, j=interpreted, Vv=VM code, C=native code)
V  [jvm.dll+0x6d83e9]
V  [jvm.dll+0x8b5736]
V  [jvm.dll+0x8b7cee]
V  [jvm.dll+0x8b83d3]
V  [jvm.dll+0x284596]
V  [jvm.dll+0xc13c7]
V  [jvm.dll+0x6d8c99]
V  [jvm.dll+0x133616]
V  [jvm.dll+0x3f8aae]
V  [jvm.dll+0x8600cd]
V  [jvm.dll+0x6d6c1d]
C  [ucrtbase.dll+0x2cd30]
C  [KERNEL32.DLL+0x2cdf7]
C  [ntdll.dll+0x7ee4c]


---------------  P R O C E S S  ---------------

Threads class SMR info:
_java_thread_list=0x0000021b17cb3240, length=70, elements={
0x0000021ab5d8da60, 0x0000021ab5e4c5a0, 0x0000021acc803f70, 0x0000021acc80ba10,
0x0000021acc80c670, 0x0000021acc810640, 0x0000021acc8110a0, 0x0000021acc8164e0,
0x0000021acc819ea0, 0x0000021b0f33cc20, 0x0000021b0f409ad0, 0x0000021b0f9e73b0,
0x0000021b0fcd6c60, 0x0000021b0f847f70, 0x0000021b0fc39b00, 0x0000021b144d80c0,
0x0000021b0f4fe7f0, 0x0000021b14463540, 0x0000021b141855b0, 0x0000021b14186960,
0x0000021b15bd64e0, 0x0000021b15bd4410, 0x0000021b15bd4aa0, 0x0000021b15bd3060,
0x0000021b15bd5130, 0x0000021b15bd6b70, 0x0000021b15bd57c0, 0x0000021b15bd36f0,
0x0000021b15bd3d80, 0x0000021b15bd7890, 0x0000021b15bd7f20, 0x0000021b15bd85b0,
0x0000021b1597bc20, 0x0000021b1597f730, 0x0000021b1597c940, 0x0000021b15981170,
0x0000021b18173270, 0x0000021b18174620, 0x0000021b14185c40, 0x0000021b18043210,
0x0000021b18040ab0, 0x0000021b17a2b110, 0x0000021b17a29040, 0x0000021b17a2d1e0,
0x0000021b18174cb0, 0x0000021b180438a0, 0x0000021b180424f0, 0x0000021b18041140,
0x0000021b17a27600, 0x0000021b17a27c90, 0x0000021b17a296d0, 0x0000021b17a2b7a0,
0x0000021b17a28320, 0x0000021b17a289b0, 0x0000021b17a2cb50, 0x0000021b17a2d870,
0x0000021b17a2ec20, 0x0000021b17a2e590, 0x0000021b1597fdc0, 0x0000021b1597dcf0,
0x0000021b1597e380, 0x0000021b1597cfd0, 0x0000021b1597d660, 0x0000021b15980450,
0x0000021b15981800, 0x0000021b15981e90, 0x0000021b1597ea10, 0x0000021b15982520,
0x0000021b1754e3c0, 0x0000021b1754f0e0
}

Java Threads: ( => current thread )
  0x0000021ab5d8da60 JavaThread "main"                              [_thread_blocked, id=3560, stack(0x000000c697900000,0x000000c697a00000) (1024K)]
  0x0000021ab5e4c5a0 JavaThread "Reference Handler"          daemon [_thread_blocked, id=2784, stack(0x000000c697d00000,0x000000c697e00000) (1024K)]
  0x0000021acc803f70 JavaThread "Finalizer"                  daemon [_thread_blocked, id=716, stack(0x000000c697e00000,0x000000c697f00000) (1024K)]
  0x0000021acc80ba10 JavaThread "Signal Dispatcher"          daemon [_thread_blocked, id=15600, stack(0x000000c697f00000,0x000000c698000000) (1024K)]
=>0x0000021acc80c670 JavaThread "Attach Listener"            daemon [_thread_in_vm, id=20064, stack(0x000000c698000000,0x000000c698100000) (1024K)]
  0x0000021acc810640 JavaThread "Service Thread"             daemon [_thread_blocked, id=25392, stack(0x000000c698100000,0x000000c698200000) (1024K)]
  0x0000021acc8110a0 JavaThread "Monitor Deflation Thread"   daemon [_thread_blocked, id=22612, stack(0x000000c698200000,0x000000c698300000) (1024K)]
  0x0000021acc8164e0 JavaThread "C2 CompilerThread0"         daemon [_thread_blocked, id=2000, stack(0x000000c698300000,0x000000c698400000) (1024K)]
  0x0000021acc819ea0 JavaThread "C1 CompilerThread0"         daemon [_thread_blocked, id=18956, stack(0x000000c698400000,0x000000c698500000) (1024K)]
  0x0000021b0f33cc20 JavaThread "Common-Cleaner"             daemon [_thread_blocked, id=1156, stack(0x000000c698500000,0x000000c698600000) (1024K)]
  0x0000021b0f409ad0 JavaThread "Notification Thread"        daemon [_thread_blocked, id=23896, stack(0x000000c698600000,0x000000c698700000) (1024K)]
  0x0000021b0f9e73b0 JavaThread "Active Thread: Equinox Container: 7293a0ea-4613-4acd-8f15-5c13db4e27de"        [_thread_blocked, id=23280, stack(0x000000c698e00000,0x000000c698f00000) (1024K)]
  0x0000021b0fcd6c60 JavaThread "Refresh Thread: Equinox Container: 7293a0ea-4613-4acd-8f15-5c13db4e27de" daemon [_thread_blocked, id=22008, stack(0x000000c699000000,0x000000c699100000) (1024K)]
  0x0000021b0f847f70 JavaThread "Framework Event Dispatcher: Equinox Container: 7293a0ea-4613-4acd-8f15-5c13db4e27de" daemon [_thread_blocked, id=7144, stack(0x000000c698d00000,0x000000c698e00000) (1024K)]
  0x0000021b0fc39b00 JavaThread "Start Level: Equinox Container: 7293a0ea-4613-4acd-8f15-5c13db4e27de" daemon [_thread_blocked, id=4744, stack(0x000000c699100000,0x000000c699200000) (1024K)]
  0x0000021b144d80c0 JavaThread "Bundle File Closer"         daemon [_thread_blocked, id=9096, stack(0x000000c699300000,0x000000c699400000) (1024K)]
  0x0000021b0f4fe7f0 JavaThread "SCR Component Actor"        daemon [_thread_blocked, id=20548, stack(0x000000c699200000,0x000000c699300000) (1024K)]
  0x0000021b14463540 JavaThread "Worker-JM"                         [_thread_blocked, id=11716, stack(0x000000c699400000,0x000000c699500000) (1024K)]
  0x0000021b141855b0 JavaThread "Java indexing"              daemon [_thread_blocked, id=12068, stack(0x000000c699900000,0x000000c699a00000) (1024K)]
  0x0000021b14186960 JavaThread "JNA Cleaner"                daemon [_thread_blocked, id=21848, stack(0x000000c699b00000,0x000000c699c00000) (1024K)]
  0x0000021b15bd64e0 JavaThread "Thread-1"                   daemon [_thread_in_native, id=14776, stack(0x000000c69a000000,0x000000c69a100000) (1024K)]
  0x0000021b15bd4410 JavaThread "Thread-2"                   daemon [_thread_in_native, id=24744, stack(0x000000c69a100000,0x000000c69a200000) (1024K)]
  0x0000021b15bd4aa0 JavaThread "Thread-3"                   daemon [_thread_in_native, id=12168, stack(0x000000c69a200000,0x000000c69a300000) (1024K)]
  0x0000021b15bd3060 JavaThread "Thread-4"                   daemon [_thread_in_native, id=13920, stack(0x000000c69a300000,0x000000c69a400000) (1024K)]
  0x0000021b15bd5130 JavaThread "Thread-5"                   daemon [_thread_in_native, id=22568, stack(0x000000c69a400000,0x000000c69a500000) (1024K)]
  0x0000021b15bd6b70 JavaThread "Thread-6"                   daemon [_thread_in_native, id=4536, stack(0x000000c69a500000,0x000000c69a600000) (1024K)]
  0x0000021b15bd57c0 JavaThread "Thread-7"                   daemon [_thread_in_native, id=6764, stack(0x000000c69a600000,0x000000c69a700000) (1024K)]
  0x0000021b15bd36f0 JavaThread "Thread-8"                   daemon [_thread_in_native, id=12932, stack(0x000000c69a700000,0x000000c69a800000) (1024K)]
  0x0000021b15bd3d80 JavaThread "Thread-9"                   daemon [_thread_in_native, id=2944, stack(0x000000c69a800000,0x000000c69a900000) (1024K)]
  0x0000021b15bd7890 JavaThread "pool-2-thread-1"                   [_thread_blocked, id=14464, stack(0x000000c69a900000,0x000000c69aa00000) (1024K)]
  0x0000021b15bd7f20 JavaThread "WorkspaceEventsHandler"            [_thread_blocked, id=8104, stack(0x000000c69aa00000,0x000000c69ab00000) (1024K)]
  0x0000021b15bd85b0 JavaThread "pool-1-thread-1"                   [_thread_blocked, id=5408, stack(0x000000c69ab00000,0x000000c69ac00000) (1024K)]
  0x0000021b1597bc20 JavaThread "parallel-2"                 daemon [_thread_blocked, id=15672, stack(0x000000c69ac00000,0x000000c69ad00000) (1024K)]
  0x0000021b1597f730 JavaThread "parallel-1"                 daemon [_thread_blocked, id=24824, stack(0x000000c69af00000,0x000000c69b000000) (1024K)]
  0x0000021b1597c940 JavaThread "parallel-3"                 daemon [_thread_blocked, id=15916, stack(0x000000c69b200000,0x000000c69b300000) (1024K)]
  0x0000021b15981170 JavaThread "parallel-4"                 daemon [_thread_blocked, id=15044, stack(0x000000c69b300000,0x000000c69b400000) (1024K)]
  0x0000021b18173270 JavaThread "Cleaner-0"                  daemon [_thread_blocked, id=5700, stack(0x000000c69b700000,0x000000c69b800000) (1024K)]
  0x0000021b18174620 JavaThread "Java Debug Server"          daemon [_thread_in_native, id=12888, stack(0x000000c699a00000,0x000000c699b00000) (1024K)]
  0x0000021b14185c40 JavaThread "RxSchedulerPurge-1"         daemon [_thread_blocked, id=4860, stack(0x000000c69b900000,0x000000c69ba00000) (1024K)]
  0x0000021b18043210 JavaThread "RxCachedWorkerPoolEvictor-1" daemon [_thread_blocked, id=13600, stack(0x000000c69bb00000,0x000000c69bc00000) (1024K)]
  0x0000021b18040ab0 JavaThread "PatternSearchJob-worker-9"  daemon [_thread_blocked, id=24904, stack(0x000000c697800000,0x000000c697900000) (1024K)]
  0x0000021b17a2b110 JavaThread "PatternSearchJob-worker-10" daemon [_thread_blocked, id=10556, stack(0x000000c699600000,0x000000c699700000) (1024K)]
  0x0000021b17a29040 JavaThread "PatternSearchJob-worker-16" daemon [_thread_blocked, id=14452, stack(0x000000c69b800000,0x000000c69b900000) (1024K)]
  0x0000021b17a2d1e0 JavaThread "PatternSearchJob-worker-19" daemon [_thread_blocked, id=21140, stack(0x000000c69be00000,0x000000c69bf00000) (1024K)]
  0x0000021b18174cb0 JavaThread "Worker-40"                         [_thread_blocked, id=24756, stack(0x000000c699800000,0x000000c699900000) (1024K)]
  0x0000021b180438a0 JavaThread "Worker-47"                         [_thread_blocked, id=7140, stack(0x000000c697700000,0x000000c697800000) (1024K)]
  0x0000021b180424f0 JavaThread "Worker-48"                         [_thread_blocked, id=3512, stack(0x000000c699c00000,0x000000c699d00000) (1024K)]
  0x0000021b18041140 JavaThread "ForkJoinPool.commonPool-worker-29" daemon [_thread_blocked, id=23736, stack(0x000000c699d00000,0x000000c699e00000) (1024K)]
  0x0000021b17a27600 JavaThread "ForkJoinPool.commonPool-worker-30" daemon [_thread_blocked, id=18276, stack(0x000000c699e00000,0x000000c699f00000) (1024K)]
  0x0000021b17a27c90 JavaThread "ForkJoinPool.commonPool-worker-31" daemon [_thread_blocked, id=10188, stack(0x000000c699f00000,0x000000c69a000000) (1024K)]
  0x0000021b17a296d0 JavaThread "ForkJoinPool.commonPool-worker-32" daemon [_thread_blocked, id=18272, stack(0x000000c69ad00000,0x000000c69ae00000) (1024K)]
  0x0000021b17a2b7a0 JavaThread "ForkJoinPool.commonPool-worker-33" daemon [_thread_blocked, id=13896, stack(0x000000c69ae00000,0x000000c69af00000) (1024K)]
  0x0000021b17a28320 JavaThread "ForkJoinPool.commonPool-worker-34" daemon [_thread_blocked, id=18760, stack(0x000000c69b000000,0x000000c69b100000) (1024K)]
  0x0000021b17a289b0 JavaThread "ForkJoinPool.commonPool-worker-35" daemon [_thread_blocked, id=12020, stack(0x000000c69b100000,0x000000c69b200000) (1024K)]
  0x0000021b17a2cb50 JavaThread "Worker-49"                         [_thread_blocked, id=15108, stack(0x000000c69b400000,0x000000c69b500000) (1024K)]
  0x0000021b17a2d870 JavaThread "Compiler Source File Reader" daemon [_thread_blocked, id=2276, stack(0x000000c69b500000,0x000000c69b600000) (1024K)]
  0x0000021b17a2ec20 JavaThread "Compiler Source File Reader" daemon [_thread_blocked, id=19180, stack(0x000000c69ba00000,0x000000c69bb00000) (1024K)]
  0x0000021b17a2e590 JavaThread "Worker-50"                         [_thread_blocked, id=1452, stack(0x000000c69bc00000,0x000000c69bd00000) (1024K)]
  0x0000021b1597fdc0 JavaThread "Compiler Source File Reader" daemon [_thread_blocked, id=19472, stack(0x000000c69bd00000,0x000000c69be00000) (1024K)]
  0x0000021b1597dcf0 JavaThread "Compiler Source File Reader" daemon [_thread_blocked, id=13784, stack(0x000000c69b600000,0x000000c69b700000) (1024K)]
  0x0000021b1597e380 JavaThread "Compiler Processing Task"   daemon [_thread_blocked, id=16716, stack(0x000000c69bf00000,0x000000c69c000000) (1024K)]
  0x0000021b1597cfd0 JavaThread "Compiler Source File Reader" daemon [_thread_blocked, id=8364, stack(0x000000c697600000,0x000000c697700000) (1024K)]
  0x0000021b1597d660 JavaThread "Compiler Source File Reader" daemon [_thread_blocked, id=21828, stack(0x000000c699500000,0x000000c699600000) (1024K)]
  0x0000021b15980450 JavaThread "PatternSearchJob-worker-20" daemon [_thread_blocked, id=15564, stack(0x000000c699700000,0x000000c699800000) (1024K)]
  0x0000021b15981800 JavaThread "PatternSearchJob-worker-21" daemon [_thread_blocked, id=10448, stack(0x000000c69c000000,0x000000c69c100000) (1024K)]
  0x0000021b15981e90 JavaThread "PatternSearchJob-worker-22" daemon [_thread_blocked, id=16824, stack(0x000000c69c100000,0x000000c69c200000) (1024K)]
  0x0000021b1597ea10 JavaThread "pool-1-thread-11"                  [_thread_blocked, id=23384, stack(0x000000c69c200000,0x000000c69c300000) (1024K)]
  0x0000021b15982520 JavaThread "Worker-51"                         [_thread_blocked, id=16820, stack(0x000000c69c300000,0x000000c69c400000) (1024K)]
  0x0000021b1754e3c0 JavaThread "pool-1-thread-12"                  [_thread_blocked, id=12328, stack(0x000000c69c400000,0x000000c69c500000) (1024K)]
  0x0000021b1754f0e0 JavaThread "pool-1-thread-13"                  [_thread_blocked, id=7656, stack(0x000000c69c600000,0x000000c69c700000) (1024K)]
Total: 70

Other Threads:
  0x0000021acc801d30 VMThread "VM Thread"                           [id=7040, stack(0x000000c697c00000,0x000000c697d00000) (1024K)]
  0x0000021ab5dfbcb0 WatcherThread "VM Periodic Task Thread"        [id=24340, stack(0x000000c697b00000,0x000000c697c00000) (1024K)]
  0x0000021ab5dadf00 WorkerThread "GC Thread#0"                     [id=14636, stack(0x000000c697a00000,0x000000c697b00000) (1024K)]
  0x0000021b0f462e50 WorkerThread "GC Thread#1"                     [id=24852, stack(0x000000c698700000,0x000000c698800000) (1024K)]
  0x0000021b0f59a110 WorkerThread "GC Thread#2"                     [id=13864, stack(0x000000c698800000,0x000000c698900000) (1024K)]
  0x0000021b0f6933c0 WorkerThread "GC Thread#3"                     [id=340, stack(0x000000c698900000,0x000000c698a00000) (1024K)]
  0x0000021b0f693770 WorkerThread "GC Thread#4"                     [id=22112, stack(0x000000c698a00000,0x000000c698b00000) (1024K)]
  0x0000021b0f693b20 WorkerThread "GC Thread#5"                     [id=22696, stack(0x000000c698b00000,0x000000c698c00000) (1024K)]
  0x0000021b0f693ed0 WorkerThread "GC Thread#6"                     [id=15924, stack(0x000000c698c00000,0x000000c698d00000) (1024K)]
  0x0000021b0fc8dac0 WorkerThread "GC Thread#7"                     [id=2032, stack(0x000000c698f00000,0x000000c699000000) (1024K)]
Total: 10

Threads with active compile tasks:
Total: 0

VM state: not at safepoint (normal execution)

VM Mutex/Monitor currently owned by a thread: None

Heap address: 0x0000000080000000, size: 2048 MB, Compressed Oops mode: 32-bit

CDS archive(s) mapped at: [0x0000021acd000000-0x0000021acdba0000-0x0000021acdba0000), size 12189696, SharedBaseAddress: 0x0000021acd000000, ArchiveRelocationMode: 1.
Compressed class space mapped at: 0x0000021ace000000-0x0000021b0e000000, reserved size: 1073741824
Narrow klass base: 0x0000021acd000000, Narrow klass shift: 0, Narrow klass range: 0x100000000

GC Precious Log:
 CardTable entry size: 512
 CPUs: 8 total, 8 available
 Memory: 7914M
 Large Page Support: Disabled
 NUMA Support: Disabled
 Compressed Oops: Enabled (32-bit)
 Alignments: Space 512K, Generation 512K, Heap 2M
 Heap Min Capacity: 100M
 Heap Initial Capacity: 100M
 Heap Max Capacity: 2G
 Pre-touch: Disabled
 Parallel Workers: 8

Heap:
 PSYoungGen      total 9728K, used 5945K [0x00000000d5580000, 0x00000000d6300000, 0x0000000100000000)
  eden space 5632K, 41% used [0x00000000d5580000,0x00000000d57cc9d0,0x00000000d5b00000)
  from space 4096K, 87% used [0x00000000d5b00000,0x00000000d5e81bf8,0x00000000d5f00000)
  to   space 4096K, 0% used [0x00000000d5f00000,0x00000000d5f00000,0x00000000d6300000)
 ParOldGen       total 1293824K, used 1293685K [0x0000000080000000, 0x00000000cef80000, 0x00000000d5580000)
  object space 1293824K, 99% used [0x0000000080000000,0x00000000cef5d7a0,0x00000000cef80000)
 Metaspace       used 103863K, committed 105920K, reserved 1179648K
  class space    used 10526K, committed 11520K, reserved 1048576K

Card table byte_map: [0x0000021ab5740000,0x0000021ab5b50000] _byte_map_base: 0x0000021ab5340000

Marking Bits: (ParMarkBitMap*) 0x00007ff945ff44a0
 Begin Bits: [0x0000021ac8240000, 0x0000021aca240000)
 End Bits:   [0x0000021aca240000, 0x0000021acc240000)

Polling page: 0x0000021ab3e70000

Metaspace:

Usage:
  Non-class:     91.15 MB used.
      Class:     10.28 MB used.
       Both:    101.43 MB used.

Virtual space:
  Non-class space:      128.00 MB reserved,      92.19 MB ( 72%) committed,  2 nodes.
      Class space:        1.00 GB reserved,      11.25 MB (  1%) committed,  1 nodes.
             Both:        1.12 GB reserved,     103.44 MB (  9%) committed. 

Chunk freelists:
   Non-Class:  3.56 MB
       Class:  4.73 MB
        Both:  8.30 MB

MaxMetaspaceSize: unlimited
CompressedClassSpaceSize: 1.00 GB
Initial GC threshold: 21.00 MB
Current GC threshold: 171.06 MB
CDS: on
 - commit_granule_bytes: 65536.
 - commit_granule_words: 8192.
 - virtual_space_node_default_size: 8388608.
 - enlarge_chunks_in_place: 1.
 - use_allocation_guard: 0.


Internal statistics:

num_allocs_failed_limit: 9.
num_arena_births: 2436.
num_arena_deaths: 626.
num_vsnodes_births: 3.
num_vsnodes_deaths: 0.
num_space_committed: 1657.
num_space_uncommitted: 2.
num_chunks_returned_to_freelist: 803.
num_chunks_taken_from_freelist: 8073.
num_chunk_merges: 235.
num_chunk_splits: 4536.
num_chunks_enlarged: 2395.
num_inconsistent_stats: 0.

CodeHeap 'non-profiled nmethods': size=120000Kb used=25102Kb max_used=28971Kb free=94897Kb
 bounds [0x0000021ac0a60000, 0x0000021ac26b0000, 0x0000021ac7f90000]
CodeHeap 'profiled nmethods': size=120000Kb used=43625Kb max_used=59058Kb free=76374Kb
 bounds [0x0000021ab8f90000, 0x0000021abc940000, 0x0000021ac04c0000]
CodeHeap 'non-nmethods': size=5760Kb used=1568Kb max_used=1648Kb free=4191Kb
 bounds [0x0000021ac04c0000, 0x0000021ac0730000, 0x0000021ac0a60000]
CodeCache: size=245760Kb, used=70295Kb, max_used=89677Kb, free=175462Kb
 total_blobs=18808, nmethods=17929, adapters=781, full_count=0
Compilation: enabled, stopped_count=0, restarted_count=0

Compilation events (20 events):
Event: 9044.590 Thread 0x0000021acc819ea0 34801       1       org.eclipse.jdt.internal.compiler.ASTVisitor::visit (2 bytes)
Event: 9044.590 Thread 0x0000021acc819ea0 nmethod 34801 0x0000021ac1e4e410 code [0x0000021ac1e4e5a0, 0x0000021ac1e4e668]
Event: 9044.603 Thread 0x0000021acc8164e0 34803       4       org.eclipse.jdt.internal.compiler.util.CharDeduplication::sharedCopyOfRange (190 bytes)
Event: 9044.620 Thread 0x0000021acc8164e0 nmethod 34803 0x0000021ac1e4d110 code [0x0000021ac1e4d300, 0x0000021ac1e4de60]
Event: 9044.620 Thread 0x0000021acc8164e0 34804   !   4       org.eclipse.jdt.internal.core.index.Index::getMetaIndexQualifications (152 bytes)
Event: 9044.647 Thread 0x0000021acc8164e0 nmethod 34804 0x0000021ac1e49c90 code [0x0000021ac1e49fe0, 0x0000021ac1e4c118]
Event: 9045.360 Thread 0x0000021acc819ea0 34805       3       org.eclipse.jdt.ls.core.internal.text.correction.QuickAssistProcessor::getConvertMethodReferenceToLambdaProposal (174 bytes)
Event: 9045.369 Thread 0x0000021acc819ea0 nmethod 34805 0x0000021abbab7790 code [0x0000021abbab7ac0, 0x0000021abbab9190]
Event: 9045.369 Thread 0x0000021acc819ea0 34806   !   3       org.eclipse.jdt.ls.core.internal.text.correction.QuickAssistProcessor::getSplitVariableProposal (60 bytes)
Event: 9045.371 Thread 0x0000021acc819ea0 nmethod 34806 0x0000021ab92cf490 code [0x0000021ab92cf6e0, 0x0000021ab92d0090]
Event: 9045.371 Thread 0x0000021acc819ea0 34807   !   3       org.eclipse.jdt.ls.core.internal.text.correction.QuickAssistProcessor::getJoinVariableProposal (60 bytes)
Event: 9045.372 Thread 0x0000021acc819ea0 nmethod 34807 0x0000021ab92ce410 code [0x0000021ab92ce660, 0x0000021ab92cf010]
Event: 9045.372 Thread 0x0000021acc819ea0 34808   !   3       org.eclipse.jdt.ls.core.internal.text.correction.QuickAssistProcessor::getInvertEqualsProposal (60 bytes)
Event: 9045.372 Thread 0x0000021acc819ea0 nmethod 34808 0x0000021ab92cd390 code [0x0000021ab92cd5e0, 0x0000021ab92cdf90]
Event: 9045.372 Thread 0x0000021acc819ea0 34809       3       org.eclipse.jdt.ls.core.internal.text.correction.QuickAssistProcessor::getConvertPatternInstanceofIfStmtToSwitchProposals (143 bytes)
Event: 9045.373 Thread 0x0000021acc819ea0 nmethod 34809 0x0000021ab92cbc90 code [0x0000021ab92cbf80, 0x0000021ab92ccf08]
Event: 9048.137 Thread 0x0000021acc819ea0 34810   !   3       org.eclipse.jdt.internal.core.search.PatternSearchJob::execute (211 bytes)
Event: 9048.140 Thread 0x0000021acc819ea0 nmethod 34810 0x0000021ab9e67590 code [0x0000021ab9e67a20, 0x0000021ab9e697b0]
Event: 9048.140 Thread 0x0000021acc819ea0 34811       3       org.eclipse.jdt.internal.core.search.PatternSearchJob::canRunInParallel (41 bytes)
Event: 9048.140 Thread 0x0000021acc819ea0 nmethod 34811 0x0000021ab92cab10 code [0x0000021ab92cad60, 0x0000021ab92cbaa0]

GC Heap History (20 events):
Event: 9044.331 GC heap before
{Heap before GC invocations=8098 (full 10):
 PSYoungGen      total 11776K, used 11775K [0x00000000d5580000, 0x00000000d7480000, 0x0000000100000000)
  eden space 8192K, 99% used [0x00000000d5580000,0x00000000d5d7ffd0,0x00000000d5d80000)
  from space 3584K, 100% used [0x00000000d5d80000,0x00000000d6100000,0x00000000d6100000)
  to   space 11776K, 0% used [0x00000000d6900000,0x00000000d6900000,0x00000000d7480000)
 ParOldGen       total 1256960K, used 1256737K [0x0000000080000000, 0x00000000ccb80000, 0x00000000d5580000)
  object space 1256960K, 99% used [0x0000000080000000,0x00000000ccb487f8,0x00000000ccb80000)
 Metaspace       used 103853K, committed 105920K, reserved 1179648K
  class space    used 10526K, committed 11520K, reserved 1048576K
}
Event: 9044.342 GC heap after
{Heap after GC invocations=8098 (full 10):
 PSYoungGen      total 15360K, used 7160K [0x00000000d5580000, 0x00000000d7000000, 0x0000000100000000)
  eden space 8192K, 0% used [0x00000000d5580000,0x00000000d5580000,0x00000000d5d80000)
  from space 7168K, 99% used [0x00000000d6900000,0x00000000d6ffe000,0x00000000d7000000)
  to   space 8704K, 0% used [0x00000000d5f00000,0x00000000d5f00000,0x00000000d6780000)
 ParOldGen       total 1260544K, used 1260377K [0x0000000080000000, 0x00000000ccf00000, 0x00000000d5580000)
  object space 1260544K, 99% used [0x0000000080000000,0x00000000cced67f8,0x00000000ccf00000)
 Metaspace       used 103853K, committed 105920K, reserved 1179648K
  class space    used 10526K, committed 11520K, reserved 1048576K
}
Event: 9044.364 GC heap before
{Heap before GC invocations=8099 (full 10):
 PSYoungGen      total 15360K, used 15352K [0x00000000d5580000, 0x00000000d7000000, 0x0000000100000000)
  eden space 8192K, 100% used [0x00000000d5580000,0x00000000d5d80000,0x00000000d5d80000)
  from space 7168K, 99% used [0x00000000d6900000,0x00000000d6ffe000,0x00000000d7000000)
  to   space 8704K, 0% used [0x00000000d5f00000,0x00000000d5f00000,0x00000000d6780000)
 ParOldGen       total 1260544K, used 1260377K [0x0000000080000000, 0x00000000ccf00000, 0x00000000d5580000)
  object space 1260544K, 99% used [0x0000000080000000,0x00000000cced67f8,0x00000000ccf00000)
 Metaspace       used 103853K, committed 105920K, reserved 1179648K
  class space    used 10526K, committed 11520K, reserved 1048576K
}
Event: 9044.374 GC heap after
{Heap after GC invocations=8099 (full 10):
 PSYoungGen      total 15872K, used 7168K [0x00000000d5580000, 0x00000000d6c80000, 0x0000000100000000)
  eden space 8192K, 0% used [0x00000000d5580000,0x00000000d5580000,0x00000000d5d80000)
  from space 7680K, 93% used [0x00000000d5f00000,0x00000000d6600170,0x00000000d6680000)
  to   space 6144K, 0% used [0x00000000d6680000,0x00000000d6680000,0x00000000d6c80000)
 ParOldGen       total 1267200K, used 1266817K [0x0000000080000000, 0x00000000cd580000, 0x00000000d5580000)
  object space 1267200K, 99% used [0x0000000080000000,0x00000000cd5207f8,0x00000000cd580000)
 Metaspace       used 103853K, committed 105920K, reserved 1179648K
  class space    used 10526K, committed 11520K, reserved 1048576K
}
Event: 9044.389 GC heap before
{Heap before GC invocations=8100 (full 10):
 PSYoungGen      total 15872K, used 15360K [0x00000000d5580000, 0x00000000d6c80000, 0x0000000100000000)
  eden space 8192K, 100% used [0x00000000d5580000,0x00000000d5d80000,0x00000000d5d80000)
  from space 7680K, 93% used [0x00000000d5f00000,0x00000000d6600170,0x00000000d6680000)
  to   space 6144K, 0% used [0x00000000d6680000,0x00000000d6680000,0x00000000d6c80000)
 ParOldGen       total 1267200K, used 1266817K [0x0000000080000000, 0x00000000cd580000, 0x00000000d5580000)
  object space 1267200K, 99% used [0x0000000080000000,0x00000000cd5207f8,0x00000000cd580000)
 Metaspace       used 103853K, committed 105920K, reserved 1179648K
  class space    used 10526K, committed 11520K, reserved 1048576K
}
Event: 9044.399 GC heap after
{Heap after GC invocations=8100 (full 10):
 PSYoungGen      total 13824K, used 5216K [0x00000000d5580000, 0x00000000d6c00000, 0x0000000100000000)
  eden space 8192K, 0% used [0x00000000d5580000,0x00000000d5580000,0x00000000d5d80000)
  from space 5632K, 92% used [0x00000000d6680000,0x00000000d6b98000,0x00000000d6c00000)
  to   space 6144K, 0% used [0x00000000d6000000,0x00000000d6000000,0x00000000d6600000)
 ParOldGen       total 1273856K, used 1273848K [0x0000000080000000, 0x00000000cdc00000, 0x00000000d5580000)
  object space 1273856K, 99% used [0x0000000080000000,0x00000000cdbfe2a8,0x00000000cdc00000)
 Metaspace       used 103853K, committed 105920K, reserved 1179648K
  class space    used 10526K, committed 11520K, reserved 1048576K
}
Event: 9044.498 GC heap before
{Heap before GC invocations=8101 (full 10):
 PSYoungGen      total 13824K, used 13396K [0x00000000d5580000, 0x00000000d6c00000, 0x0000000100000000)
  eden space 8192K, 99% used [0x00000000d5580000,0x00000000d5d7d2e0,0x00000000d5d80000)
  from space 5632K, 92% used [0x00000000d6680000,0x00000000d6b98000,0x00000000d6c00000)
  to   space 6144K, 0% used [0x00000000d6000000,0x00000000d6000000,0x00000000d6600000)
 ParOldGen       total 1273856K, used 1273848K [0x0000000080000000, 0x00000000cdc00000, 0x00000000d5580000)
  object space 1273856K, 99% used [0x0000000080000000,0x00000000cdbfe2a8,0x00000000cdc00000)
 Metaspace       used 103862K, committed 105920K, reserved 1179648K
  class space    used 10526K, committed 11520K, reserved 1048576K
}
Event: 9044.510 GC heap after
{Heap after GC invocations=8101 (full 10):
 PSYoungGen      total 12288K, used 3586K [0x00000000d5580000, 0x00000000d6700000, 0x0000000100000000)
  eden space 8192K, 0% used [0x00000000d5580000,0x00000000d5580000,0x00000000d5d80000)
  from space 4096K, 87% used [0x00000000d6000000,0x00000000d6380b40,0x00000000d6400000)
  to   space 3072K, 0% used [0x00000000d6400000,0x00000000d6400000,0x00000000d6700000)
 ParOldGen       total 1279488K, used 1279040K [0x0000000080000000, 0x00000000ce180000, 0x00000000d5580000)
  object space 1279488K, 99% used [0x0000000080000000,0x00000000ce1102a8,0x00000000ce180000)
 Metaspace       used 103862K, committed 105920K, reserved 1179648K
  class space    used 10526K, committed 11520K, reserved 1048576K
}
Event: 9044.570 GC heap before
{Heap before GC invocations=8102 (full 10):
 PSYoungGen      total 12288K, used 11638K [0x00000000d5580000, 0x00000000d6700000, 0x0000000100000000)
  eden space 8192K, 98% used [0x00000000d5580000,0x00000000d5d5cd60,0x00000000d5d80000)
  from space 4096K, 87% used [0x00000000d6000000,0x00000000d6380b40,0x00000000d6400000)
  to   space 3072K, 0% used [0x00000000d6400000,0x00000000d6400000,0x00000000d6700000)
 ParOldGen       total 1279488K, used 1279040K [0x0000000080000000, 0x00000000ce180000, 0x00000000d5580000)
  object space 1279488K, 99% used [0x0000000080000000,0x00000000ce1102a8,0x00000000ce180000)
 Metaspace       used 103862K, committed 105920K, reserved 1179648K
  class space    used 10526K, committed 11520K, reserved 1048576K
}
Event: 9044.579 GC heap after
{Heap after GC invocations=8102 (full 10):
 PSYoungGen      total 7680K, used 3042K [0x00000000d5580000, 0x00000000d7180000, 0x0000000100000000)
  eden space 4608K, 0% used [0x00000000d5580000,0x00000000d5580000,0x00000000d5a00000)
  from space 3072K, 99% used [0x00000000d6400000,0x00000000d66f89d0,0x00000000d6700000)
  to   space 10240K, 0% used [0x00000000d5a00000,0x00000000d5a00000,0x00000000d6400000)
 ParOldGen       total 1285632K, used 1285124K [0x0000000080000000, 0x00000000ce780000, 0x00000000d5580000)
  object space 1285632K, 99% used [0x0000000080000000,0x00000000ce7010d0,0x00000000ce780000)
 Metaspace       used 103862K, committed 105920K, reserved 1179648K
  class space    used 10526K, committed 11520K, reserved 1048576K
}
Event: 9044.593 GC heap before
{Heap before GC invocations=8103 (full 10):
 PSYoungGen      total 7680K, used 7650K [0x00000000d5580000, 0x00000000d7180000, 0x0000000100000000)
  eden space 4608K, 100% used [0x00000000d5580000,0x00000000d5a00000,0x00000000d5a00000)
  from space 3072K, 99% used [0x00000000d6400000,0x00000000d66f89d0,0x00000000d6700000)
  to   space 10240K, 0% used [0x00000000d5a00000,0x00000000d5a00000,0x00000000d6400000)
 ParOldGen       total 1285632K, used 1285124K [0x0000000080000000, 0x00000000ce780000, 0x00000000d5580000)
  object space 1285632K, 99% used [0x0000000080000000,0x00000000ce7010d0,0x00000000ce780000)
 Metaspace       used 103863K, committed 105920K, reserved 1179648K
  class space    used 10526K, committed 11520K, reserved 1048576K
}
Event: 9044.597 GC heap after
{Heap after GC invocations=8103 (full 10):
 PSYoungGen      total 6656K, used 1671K [0x00000000d5580000, 0x00000000d6480000, 0x0000000100000000)
  eden space 4608K, 0% used [0x00000000d5580000,0x00000000d5580000,0x00000000d5a00000)
  from space 2048K, 81% used [0x00000000d5a00000,0x00000000d5ba1f38,0x00000000d5c00000)
  to   space 4608K, 0% used [0x00000000d6000000,0x00000000d6000000,0x00000000d6480000)
 ParOldGen       total 1288192K, used 1288136K [0x0000000080000000, 0x00000000cea00000, 0x00000000d5580000)
  object space 1288192K, 99% used [0x0000000080000000,0x00000000ce9f2088,0x00000000cea00000)
 Metaspace       used 103863K, committed 105920K, reserved 1179648K
  class space    used 10526K, committed 11520K, reserved 1048576K
}
Event: 9044.605 GC heap before
{Heap before GC invocations=8104 (full 10):
 PSYoungGen      total 6656K, used 6279K [0x00000000d5580000, 0x00000000d6480000, 0x0000000100000000)
  eden space 4608K, 100% used [0x00000000d5580000,0x00000000d5a00000,0x00000000d5a00000)
  from space 2048K, 81% used [0x00000000d5a00000,0x00000000d5ba1f38,0x00000000d5c00000)
  to   space 4608K, 0% used [0x00000000d6000000,0x00000000d6000000,0x00000000d6480000)
 ParOldGen       total 1288192K, used 1288136K [0x0000000080000000, 0x00000000cea00000, 0x00000000d5580000)
  object space 1288192K, 99% used [0x0000000080000000,0x00000000ce9f2088,0x00000000cea00000)
 Metaspace       used 103863K, committed 105920K, reserved 1179648K
  class space    used 10526K, committed 11520K, reserved 1048576K
}
Event: 9044.611 GC heap after
{Heap after GC invocations=8104 (full 10):
 PSYoungGen      total 6656K, used 896K [0x00000000d5580000, 0x00000000d6100000, 0x0000000100000000)
  eden space 5632K, 0% used [0x00000000d5580000,0x00000000d5580000,0x00000000d5b00000)
  from space 1024K, 87% used [0x00000000d6000000,0x00000000d60e0000,0x00000000d6100000)
  to   space 2048K, 0% used [0x00000000d5d00000,0x00000000d5d00000,0x00000000d5f00000)
 ParOldGen       total 1289728K, used 1289711K [0x0000000080000000, 0x00000000ceb80000, 0x00000000d5580000)
  object space 1289728K, 99% used [0x0000000080000000,0x00000000ceb7bda8,0x00000000ceb80000)
 Metaspace       used 103863K, committed 105920K, reserved 1179648K
  class space    used 10526K, committed 11520K, reserved 1048576K
}
Event: 9045.361 GC heap before
{Heap before GC invocations=8105 (full 10):
 PSYoungGen      total 6656K, used 6528K [0x00000000d5580000, 0x00000000d6100000, 0x0000000100000000)
  eden space 5632K, 100% used [0x00000000d5580000,0x00000000d5b00000,0x00000000d5b00000)
  from space 1024K, 87% used [0x00000000d6000000,0x00000000d60e0000,0x00000000d6100000)
  to   space 2048K, 0% used [0x00000000d5d00000,0x00000000d5d00000,0x00000000d5f00000)
 ParOldGen       total 1289728K, used 1289711K [0x0000000080000000, 0x00000000ceb80000, 0x00000000d5580000)
  object space 1289728K, 99% used [0x0000000080000000,0x00000000ceb7bda8,0x00000000ceb80000)
 Metaspace       used 103863K, committed 105920K, reserved 1179648K
  class space    used 10526K, committed 11520K, reserved 1048576K
}
Event: 9045.368 GC heap after
{Heap after GC invocations=8105 (full 10):
 PSYoungGen      total 7680K, used 192K [0x00000000d5580000, 0x00000000d6080000, 0x0000000100000000)
  eden space 5632K, 0% used [0x00000000d5580000,0x00000000d5580000,0x00000000d5b00000)
  from space 2048K, 9% used [0x00000000d5d00000,0x00000000d5d30000,0x00000000d5f00000)
  to   space 1024K, 0% used [0x00000000d5f80000,0x00000000d5f80000,0x00000000d6080000)
 ParOldGen       total 1290752K, used 1290495K [0x0000000080000000, 0x00000000cec80000, 0x00000000d5580000)
  object space 1290752K, 99% used [0x0000000080000000,0x00000000cec3fda8,0x00000000cec80000)
 Metaspace       used 103863K, committed 105920K, reserved 1179648K
  class space    used 10526K, committed 11520K, reserved 1048576K
}
Event: 9048.157 GC heap before
{Heap before GC invocations=8106 (full 10):
 PSYoungGen      total 7680K, used 5823K [0x00000000d5580000, 0x00000000d6080000, 0x0000000100000000)
  eden space 5632K, 99% used [0x00000000d5580000,0x00000000d5affff8,0x00000000d5b00000)
  from space 2048K, 9% used [0x00000000d5d00000,0x00000000d5d30000,0x00000000d5f00000)
  to   space 1024K, 0% used [0x00000000d5f80000,0x00000000d5f80000,0x00000000d6080000)
 ParOldGen       total 1290752K, used 1290495K [0x0000000080000000, 0x00000000cec80000, 0x00000000d5580000)
  object space 1290752K, 99% used [0x0000000080000000,0x00000000cec3fda8,0x00000000cec80000)
 Metaspace       used 103863K, committed 105920K, reserved 1179648K
  class space    used 10526K, committed 11520K, reserved 1048576K
}
Event: 9048.166 GC heap after
{Heap after GC invocations=8106 (full 10):
 PSYoungGen      total 6656K, used 1017K [0x00000000d5580000, 0x00000000d6300000, 0x0000000100000000)
  eden space 5632K, 0% used [0x00000000d5580000,0x00000000d5580000,0x00000000d5b00000)
  from space 1024K, 99% used [0x00000000d5f80000,0x00000000d607e768,0x00000000d6080000)
  to   space 4096K, 0% used [0x00000000d5b00000,0x00000000d5b00000,0x00000000d5f00000)
 ParOldGen       total 1292800K, used 1292622K [0x0000000080000000, 0x00000000cee80000, 0x00000000d5580000)
  object space 1292800K, 99% used [0x0000000080000000,0x00000000cee53a28,0x00000000cee80000)
 Metaspace       used 103863K, committed 105920K, reserved 1179648K
  class space    used 10526K, committed 11520K, reserved 1048576K
}
Event: 9048.183 GC heap before
{Heap before GC invocations=8107 (full 10):
 PSYoungGen      total 6656K, used 6628K [0x00000000d5580000, 0x00000000d6300000, 0x0000000100000000)
  eden space 5632K, 99% used [0x00000000d5580000,0x00000000d5afaa28,0x00000000d5b00000)
  from space 1024K, 99% used [0x00000000d5f80000,0x00000000d607e768,0x00000000d6080000)
  to   space 4096K, 0% used [0x00000000d5b00000,0x00000000d5b00000,0x00000000d5f00000)
 ParOldGen       total 1292800K, used 1292622K [0x0000000080000000, 0x00000000cee80000, 0x00000000d5580000)
  object space 1292800K, 99% used [0x0000000080000000,0x00000000cee53a28,0x00000000cee80000)
 Metaspace       used 103863K, committed 105920K, reserved 1179648K
  class space    used 10526K, committed 11520K, reserved 1048576K
}
Event: 9048.191 GC heap after
{Heap after GC invocations=8107 (full 10):
 PSYoungGen      total 9728K, used 3590K [0x00000000d5580000, 0x00000000d6300000, 0x0000000100000000)
  eden space 5632K, 0% used [0x00000000d5580000,0x00000000d5580000,0x00000000d5b00000)
  from space 4096K, 87% used [0x00000000d5b00000,0x00000000d5e81bf8,0x00000000d5f00000)
  to   space 4096K, 0% used [0x00000000d5f00000,0x00000000d5f00000,0x00000000d6300000)
 ParOldGen       total 1293824K, used 1293685K [0x0000000080000000, 0x00000000cef80000, 0x00000000d5580000)
  object space 1293824K, 99% used [0x0000000080000000,0x00000000cef5d7a0,0x00000000cef80000)
 Metaspace       used 103863K, committed 105920K, reserved 1179648K
  class space    used 10526K, committed 11520K, reserved 1048576K
}

Dll operation events (20 events):
Event: 0.300 Attempting to load shared library C:\Users\nairx\.vscode\extensions\redhat.java-1.56.0-win32-x64\jre\21.0.12.1-win32-x86_64\bin\nio.dll
Event: 0.302 Loaded shared library C:\Users\nairx\.vscode\extensions\redhat.java-1.56.0-win32-x64\jre\21.0.12.1-win32-x86_64\bin\nio.dll
Event: 0.312 Attempting to load shared library C:\Users\nairx\.vscode\extensions\redhat.java-1.56.0-win32-x64\jre\21.0.12.1-win32-x86_64\bin\zip.dll
Event: 0.312 Loaded shared library C:\Users\nairx\.vscode\extensions\redhat.java-1.56.0-win32-x64\jre\21.0.12.1-win32-x86_64\bin\zip.dll
Event: 0.370 Attempting to load shared library C:\Users\nairx\.vscode\extensions\redhat.java-1.56.0-win32-x64\jre\21.0.12.1-win32-x86_64\bin\jimage.dll
Event: 0.371 Loaded shared library C:\Users\nairx\.vscode\extensions\redhat.java-1.56.0-win32-x64\jre\21.0.12.1-win32-x86_64\bin\jimage.dll
Event: 0.518 Attempting to load shared library c:\Users\nairx\.vscode\extensions\redhat.java-1.56.0-win32-x64\jre\21.0.12.1-win32-x86_64\bin\verify.dll
Event: 0.519 Loaded shared library c:\Users\nairx\.vscode\extensions\redhat.java-1.56.0-win32-x64\jre\21.0.12.1-win32-x86_64\bin\verify.dll
Event: 3.256 Attempting to load shared library C:\Users\nairx\AppData\Roaming\Code\User\globalStorage\redhat.java\1.56.0\config_win\org.eclipse.equinox.launcher\org.eclipse.equinox.launcher.win32.win32.x86_64_1.3.100.v20260804-1928\eclipse_11924.dll
Event: 3.262 Loaded shared library C:\Users\nairx\AppData\Roaming\Code\User\globalStorage\redhat.java\1.56.0\config_win\org.eclipse.equinox.launcher\org.eclipse.equinox.launcher.win32.win32.x86_64_1.3.100.v20260804-1928\eclipse_11924.dll
Event: 7.448 Attempting to load shared library C:\Users\nairx\.vscode\extensions\redhat.java-1.56.0-win32-x64\jre\21.0.12.1-win32-x86_64\bin\management.dll
Event: 7.449 Loaded shared library C:\Users\nairx\.vscode\extensions\redhat.java-1.56.0-win32-x64\jre\21.0.12.1-win32-x86_64\bin\management.dll
Event: 7.453 Attempting to load shared library C:\Users\nairx\.vscode\extensions\redhat.java-1.56.0-win32-x64\jre\21.0.12.1-win32-x86_64\bin\management_ext.dll
Event: 7.453 Loaded shared library C:\Users\nairx\.vscode\extensions\redhat.java-1.56.0-win32-x64\jre\21.0.12.1-win32-x86_64\bin\management_ext.dll
Event: 10.495 Attempting to load shared library C:\Users\nairx\AppData\Local\Temp\jna-104581596\jna7961214426947239500.dll
Event: 10.677 Loaded shared library C:\Users\nairx\AppData\Local\Temp\jna-104581596\jna7961214426947239500.dll
Event: 11.762 Attempting to load shared library C:\Users\nairx\.vscode\extensions\redhat.java-1.56.0-win32-x64\jre\21.0.12.1-win32-x86_64\bin\sunmscapi.dll
Event: 11.780 Loaded shared library C:\Users\nairx\.vscode\extensions\redhat.java-1.56.0-win32-x64\jre\21.0.12.1-win32-x86_64\bin\sunmscapi.dll
Event: 11.906 Attempting to load shared library C:\Users\nairx\.vscode\extensions\redhat.java-1.56.0-win32-x64\jre\21.0.12.1-win32-x86_64\bin\extnet.dll
Event: 11.907 Loaded shared library C:\Users\nairx\.vscode\extensions\redhat.java-1.56.0-win32-x64\jre\21.0.12.1-win32-x86_64\bin\extnet.dll

Deoptimization events (20 events):
Event: 9043.496 Thread 0x0000021b17a296d0 DEOPT PACKING pc=0x0000021ac235ba84 sp=0x000000c69adfd3e0
Event: 9043.496 Thread 0x0000021b17a296d0 DEOPT UNPACKING pc=0x0000021ac0516da2 sp=0x000000c69adfd378 mode 2
Event: 9043.497 Thread 0x0000021b17a296d0 Uncommon trap: trap_request=0xffffff45 fr.pc=0x0000021ac17e4244 relative=0x00000000000004c4
Event: 9043.497 Thread 0x0000021b17a296d0 Uncommon trap: reason=unstable_if action=reinterpret pc=0x0000021ac17e4244 method=org.eclipse.jdt.internal.formatter.TokenTraverser.initTraverse(Ljava/util/List;I)V @ 114 c2
Event: 9043.497 Thread 0x0000021b17a296d0 DEOPT PACKING pc=0x0000021ac17e4244 sp=0x000000c69adfe180
Event: 9043.497 Thread 0x0000021b17a296d0 DEOPT UNPACKING pc=0x0000021ac0516da2 sp=0x000000c69adfe0b8 mode 2
Event: 9043.676 Thread 0x0000021b180424f0 Uncommon trap: trap_request=0xffffffc6 fr.pc=0x0000021ac121d6fc relative=0x000000000000017c
Event: 9043.676 Thread 0x0000021b180424f0 Uncommon trap: reason=bimorphic_or_optimized_type_check action=maybe_recompile pc=0x0000021ac121d6fc method=org.eclipse.jdt.internal.compiler.ast.SingleNameReference.computeConversion(Lorg/eclipse/jdt/internal/compiler/lookup/Scope;Lorg/eclipse/jdt/intern
Event: 9043.676 Thread 0x0000021b180424f0 DEOPT PACKING pc=0x0000021ac121d6fc sp=0x000000c699cfdc00
Event: 9043.676 Thread 0x0000021b180424f0 DEOPT UNPACKING pc=0x0000021ac0516da2 sp=0x000000c699cfdba8 mode 2
Event: 9043.963 Thread 0x0000021b17a296d0 Uncommon trap: trap_request=0xffffff45 fr.pc=0x0000021ac0c0ed0c relative=0x000000000000006c
Event: 9043.963 Thread 0x0000021b17a296d0 Uncommon trap: reason=unstable_if action=reinterpret pc=0x0000021ac0c0ed0c method=org.eclipse.jdt.internal.compiler.ast.ThisReference.isImplicitThis()Z @ 6 c2
Event: 9043.963 Thread 0x0000021b17a296d0 DEOPT PACKING pc=0x0000021ac0c0ed0c sp=0x000000c69adfd380
Event: 9043.963 Thread 0x0000021b17a296d0 DEOPT UNPACKING pc=0x0000021ac0516da2 sp=0x000000c69adfd308 mode 2
Event: 9044.326 Thread 0x0000021b180438a0 DEOPT PACKING pc=0x0000021abbb5e5ce sp=0x000000c6977fe9a0
Event: 9044.326 Thread 0x0000021b180438a0 DEOPT UNPACKING pc=0x0000021ac05178e2 sp=0x000000c6977fde80 mode 0
Event: 9044.384 Thread 0x0000021b1597e380 DEOPT PACKING pc=0x0000021abc7ad315 sp=0x000000c69bffe200
Event: 9044.384 Thread 0x0000021b1597e380 DEOPT UNPACKING pc=0x0000021ac05178e2 sp=0x000000c69bffd668 mode 0
Event: 9044.611 Thread 0x0000021b141855b0 DEOPT PACKING pc=0x0000021aba9bd0d5 sp=0x000000c6999ff190
Event: 9044.611 Thread 0x0000021b141855b0 DEOPT UNPACKING pc=0x0000021ac05178e2 sp=0x000000c6999fe688 mode 0

Classes loaded (20 events):
Event: 6935.130 Loading class java/lang/Throwable$PrintStreamOrWriter done
Event: 6935.132 Loading class java/lang/Throwable$WrappedPrintWriter done
Event: 6980.773 Loading class java/util/Collections$EmptyListIterator
Event: 6980.776 Loading class java/util/Collections$EmptyListIterator done
Event: 7627.363 Loading class java/util/HashMap$UnsafeHolder
Event: 7627.365 Loading class java/util/HashMap$UnsafeHolder done
Event: 7627.365 Loading class java/io/ObjectStreamClass$RecordSupport
Event: 7627.374 Loading class java/io/ObjectStreamClass$RecordSupport done
Event: 7627.379 Loading class java/io/ObjectStreamClass$DeserializationConstructorsCache$Key$Lookup
Event: 7627.380 Loading class java/io/ObjectStreamClass$DeserializationConstructorsCache$Key
Event: 7627.380 Loading class java/io/ObjectStreamClass$DeserializationConstructorsCache$Key done
Event: 7627.380 Loading class java/io/ObjectStreamClass$DeserializationConstructorsCache$Key$Lookup done
Event: 7627.390 Loading class java/lang/invoke/BoundMethodHandle$Species_LIL
Event: 7627.390 Loading class java/lang/invoke/BoundMethodHandle$Species_LIL done
Event: 7627.409 Loading class java/io/ObjectStreamClass$DeserializationConstructorsCache$Key$Impl
Event: 7627.410 Loading class java/io/ObjectStreamClass$DeserializationConstructorsCache$Key$Impl done
Event: 7631.764 Loading class javax/xml/transform/TransformerConfigurationException
Event: 7631.767 Loading class javax/xml/transform/TransformerConfigurationException done
Event: 9003.519 Loading class sun/net/ConnectionResetException
Event: 9003.520 Loading class sun/net/ConnectionResetException done

Classes unloaded (20 events):
Event: 7634.236 Thread 0x0000021acc801d30 Unloading class 0x0000021ace7dad88 'org/codehaus/plexus/interpolation/BasicInterpolator'
Event: 7634.236 Thread 0x0000021acc801d30 Unloading class 0x0000021ace7dab88 'org/codehaus/plexus/interpolation/ValueSource'
Event: 7634.236 Thread 0x0000021acc801d30 Unloading class 0x0000021ace7da940 'org/apache/maven/shared/filtering/ChangeDetection'
Event: 7634.236 Thread 0x0000021acc801d30 Unloading class 0x0000021ace7da558 'org/apache/maven/shared/filtering/MavenResourcesExecution'
Event: 7634.236 Thread 0x0000021acc801d30 Unloading class 0x0000021ace7da260 'org/apache/maven/shared/filtering/AbstractMavenFilteringRequest'
Event: 7634.236 Thread 0x0000021acc801d30 Unloading class 0x0000021ace7da000 'org/apache/maven/shared/filtering/MavenFilteringException'
Event: 7634.237 Thread 0x0000021acc801d30 Unloading class 0x0000021ace7d9c98 'org/codehaus/plexus/build/DefaultBuildContext'
Event: 7634.237 Thread 0x0000021acc801d30 Unloading class 0x0000021ace7d9a98 'org/codehaus/plexus/build/BuildContext'
Event: 7634.237 Thread 0x0000021acc801d30 Unloading class 0x0000021ace7d9848 'org/apache/maven/shared/filtering/DefaultMavenResourcesFiltering'
Event: 7634.237 Thread 0x0000021acc801d30 Unloading class 0x0000021ace7d9648 'org/apache/maven/shared/filtering/MavenResourcesFiltering'
Event: 7634.237 Thread 0x0000021acc801d30 Unloading class 0x0000021ace7d93b8 'org/apache/maven/shared/filtering/DefaultMavenReaderFilter'
Event: 7634.237 Thread 0x0000021acc801d30 Unloading class 0x0000021ace7d91b8 'org/apache/maven/shared/filtering/MavenReaderFilter'
Event: 7634.237 Thread 0x0000021acc801d30 Unloading class 0x0000021ace7d8ef8 'org/apache/maven/shared/filtering/DefaultMavenFileFilter'
Event: 7634.237 Thread 0x0000021acc801d30 Unloading class 0x0000021ace7d8ca8 'org/apache/maven/shared/filtering/BaseFilter'
Event: 7634.237 Thread 0x0000021acc801d30 Unloading class 0x0000021ace7d8aa8 'org/apache/maven/shared/filtering/MavenFileFilter'
Event: 7634.237 Thread 0x0000021acc801d30 Unloading class 0x0000021ace7d88a8 'org/apache/maven/shared/filtering/DefaultFilterInfo'
Event: 7634.237 Thread 0x0000021acc801d30 Unloading class 0x0000021ace7d8598 'org/apache/maven/plugins/resources/TestResourcesMojo'
Event: 7634.237 Thread 0x0000021acc801d30 Unloading class 0x0000021ace7d8310 'org/apache/maven/plugins/maven_resources_plugin/HelpMojo'
Event: 7634.237 Thread 0x0000021acc801d30 Unloading class 0x0000021ace7d8000 'org/apache/maven/plugins/resources/CopyResourcesMojo'
Event: 7634.237 Thread 0x0000021acc801d30 Unloading class 0x0000021ace7d2c00 'org/apache/maven/plugins/resources/ResourcesMojo'

Classes redefined (0 events):
No events

Internal exceptions (20 events):
Event: 9040.093 Thread 0x0000021b15bd85b0 Exception <a 'java/lang/ArrayIndexOutOfBoundsException'{0x00000000d5622da8}> (0x00000000d5622da8) 
thrown [s\src\hotspot\share\runtime\sharedRuntime.cpp, line 625]
Event: 9040.094 Thread 0x0000021b15bd85b0 Exception <a 'java/lang/ArrayIndexOutOfBoundsException'{0x00000000d5623a48}> (0x00000000d5623a48) 
thrown [s\src\hotspot\share\runtime\sharedRuntime.cpp, line 625]
Event: 9040.094 Thread 0x0000021b15bd85b0 Exception <a 'java/lang/ArrayIndexOutOfBoundsException'{0x00000000d5624020}> (0x00000000d5624020) 
thrown [s\src\hotspot\share\runtime\sharedRuntime.cpp, line 625]
Event: 9040.201 Thread 0x0000021b17a2b7a0 Exception <a 'java/lang/ArrayIndexOutOfBoundsException'{0x00000000d5d144a8}> (0x00000000d5d144a8) 
thrown [s\src\hotspot\share\runtime\sharedRuntime.cpp, line 625]
Event: 9040.217 Thread 0x0000021b17a2b7a0 Exception <a 'java/lang/ArrayIndexOutOfBoundsException'{0x00000000d563d598}> (0x00000000d563d598) 
thrown [s\src\hotspot\share\runtime\sharedRuntime.cpp, line 625]
Event: 9040.425 Thread 0x0000021b17a296d0 Exception <a 'java/lang/ArrayIndexOutOfBoundsException'{0x00000000d5cdc528}> (0x00000000d5cdc528) 
thrown [s\src\hotspot\share\runtime\sharedRuntime.cpp, line 625]
Event: 9040.448 Thread 0x0000021b17a296d0 Exception <a 'java/lang/ArrayIndexOutOfBoundsException'{0x00000000d560b590}> (0x00000000d560b590) 
thrown [s\src\hotspot\share\runtime\sharedRuntime.cpp, line 625]
Event: 9041.097 Thread 0x0000021b17a2b7a0 Exception <a 'java/lang/ArrayIndexOutOfBoundsException'{0x00000000d58404a0}> (0x00000000d58404a0) 
thrown [s\src\hotspot\share\runtime\sharedRuntime.cpp, line 625]
Event: 9041.105 Thread 0x0000021b17a2b7a0 Exception <a 'java/lang/ArrayIndexOutOfBoundsException'{0x00000000d5b6a348}> (0x00000000d5b6a348) 
thrown [s\src\hotspot\share\runtime\sharedRuntime.cpp, line 625]
Event: 9041.318 Thread 0x0000021b18041140 Exception <a 'java/lang/ArrayIndexOutOfBoundsException'{0x00000000d58155d0}> (0x00000000d58155d0) 
thrown [s\src\hotspot\share\runtime\sharedRuntime.cpp, line 625]
Event: 9041.327 Thread 0x0000021b18041140 Exception <a 'java/lang/ArrayIndexOutOfBoundsException'{0x00000000d5b43ba0}> (0x00000000d5b43ba0) 
thrown [s\src\hotspot\share\runtime\sharedRuntime.cpp, line 625]
Event: 9042.035 Thread 0x0000021b15bd85b0 Exception <a 'java/lang/ArrayIndexOutOfBoundsException'{0x00000000d5dee948}> (0x00000000d5dee948) 
thrown [s\src\hotspot\share\runtime\sharedRuntime.cpp, line 625]
Event: 9042.159 Thread 0x0000021b17a296d0 Exception <a 'java/lang/ArrayIndexOutOfBoundsException'{0x00000000d5f53e58}> (0x00000000d5f53e58) 
thrown [s\src\hotspot\share\runtime\sharedRuntime.cpp, line 625]
Event: 9042.185 Thread 0x0000021b17a296d0 Exception <a 'java/lang/ArrayIndexOutOfBoundsException'{0x00000000d5889830}> (0x00000000d5889830) 
thrown [s\src\hotspot\share\runtime\sharedRuntime.cpp, line 625]
Event: 9042.524 Thread 0x0000021b18041140 Exception <a 'java/lang/ArrayIndexOutOfBoundsException'{0x00000000d57f18b8}> (0x00000000d57f18b8) 
thrown [s\src\hotspot\share\runtime\sharedRuntime.cpp, line 625]
Event: 9042.541 Thread 0x0000021b18041140 Exception <a 'java/lang/ArrayIndexOutOfBoundsException'{0x00000000d5b1f0a0}> (0x00000000d5b1f0a0) 
thrown [s\src\hotspot\share\runtime\sharedRuntime.cpp, line 625]
Event: 9043.186 Thread 0x0000021b18041140 Exception <a 'java/lang/ArrayIndexOutOfBoundsException'{0x00000000d5de12a0}> (0x00000000d5de12a0) 
thrown [s\src\hotspot\share\runtime\sharedRuntime.cpp, line 625]
Event: 9043.201 Thread 0x0000021b18041140 Exception <a 'java/lang/ArrayIndexOutOfBoundsException'{0x00000000d5719a38}> (0x00000000d5719a38) 
thrown [s\src\hotspot\share\runtime\sharedRuntime.cpp, line 625]
Event: 9044.192 Thread 0x0000021b141855b0 Exception <a 'sun/nio/fs/WindowsException'{0x00000000d5c48a08}> (0x00000000d5c48a08) 
thrown [s\src\hotspot\share\prims\jni.cpp, line 520]
Event: 9044.473 Thread 0x0000021b141855b0 Exception <a 'sun/nio/fs/WindowsException'{0x00000000d57ffa30}> (0x00000000d57ffa30) 
thrown [s\src\hotspot\share\prims\jni.cpp, line 520]

ZGC Phase Switch (0 events):
No events

VM Operations (20 events):
Event: 9044.331 Executing safepoint VM operation: ParallelGCFailedAllocation (Allocation Failure)
Event: 9044.342 Executing safepoint VM operation: ParallelGCFailedAllocation (Allocation Failure) done
Event: 9044.364 Executing safepoint VM operation: ParallelGCFailedAllocation (Allocation Failure)
Event: 9044.375 Executing safepoint VM operation: ParallelGCFailedAllocation (Allocation Failure) done
Event: 9044.389 Executing safepoint VM operation: ParallelGCFailedAllocation (Allocation Failure)
Event: 9044.399 Executing safepoint VM operation: ParallelGCFailedAllocation (Allocation Failure) done
Event: 9044.498 Executing safepoint VM operation: ParallelGCFailedAllocation (Allocation Failure)
Event: 9044.510 Executing safepoint VM operation: ParallelGCFailedAllocation (Allocation Failure) done
Event: 9044.570 Executing safepoint VM operation: ParallelGCFailedAllocation (Allocation Failure)
Event: 9044.579 Executing safepoint VM operation: ParallelGCFailedAllocation (Allocation Failure) done
Event: 9044.593 Executing safepoint VM operation: ParallelGCFailedAllocation (Allocation Failure)
Event: 9044.597 Executing safepoint VM operation: ParallelGCFailedAllocation (Allocation Failure) done
Event: 9044.605 Executing safepoint VM operation: ParallelGCFailedAllocation (Allocation Failure)
Event: 9044.611 Executing safepoint VM operation: ParallelGCFailedAllocation (Allocation Failure) done
Event: 9045.361 Executing safepoint VM operation: ParallelGCFailedAllocation (Allocation Failure)
Event: 9045.368 Executing safepoint VM operation: ParallelGCFailedAllocation (Allocation Failure) done
Event: 9048.157 Executing safepoint VM operation: ParallelGCFailedAllocation (Allocation Failure)
Event: 9048.166 Executing safepoint VM operation: ParallelGCFailedAllocation (Allocation Failure) done
Event: 9048.183 Executing safepoint VM operation: ParallelGCFailedAllocation (Allocation Failure)
Event: 9048.191 Executing safepoint VM operation: ParallelGCFailedAllocation (Allocation Failure) done

Memory protections (0 events):
No events

Nmethod flushes (20 events):
Event: 7634.660 Thread 0x0000021acc801d30 flushing  nmethod 0x0000021abc557010
Event: 7634.660 Thread 0x0000021acc801d30 flushing  nmethod 0x0000021abc558110
Event: 7634.660 Thread 0x0000021acc801d30 flushing  nmethod 0x0000021abc558e90
Event: 7634.661 Thread 0x0000021acc801d30 flushing  nmethod 0x0000021abc55bd10
Event: 7634.661 Thread 0x0000021acc801d30 flushing  nmethod 0x0000021abc565b10
Event: 7634.661 Thread 0x0000021acc801d30 flushing  nmethod 0x0000021abc5a4d90
Event: 7634.661 Thread 0x0000021acc801d30 flushing  nmethod 0x0000021abc64a410
Event: 7634.661 Thread 0x0000021acc801d30 flushing  nmethod 0x0000021abc655a90
Event: 7634.661 Thread 0x0000021acc801d30 flushing  nmethod 0x0000021abc770b10
Event: 7634.661 Thread 0x0000021acc801d30 flushing  nmethod 0x0000021abc771510
Event: 7634.661 Thread 0x0000021acc801d30 flushing  nmethod 0x0000021abc77a190
Event: 7634.661 Thread 0x0000021acc801d30 flushing  nmethod 0x0000021abc7d7810
Event: 7634.661 Thread 0x0000021acc801d30 flushing  nmethod 0x0000021abc7e1290
Event: 7634.661 Thread 0x0000021acc801d30 flushing  nmethod 0x0000021abc83eb90
Event: 7634.661 Thread 0x0000021acc801d30 flushing  nmethod 0x0000021abc85dd10
Event: 7634.661 Thread 0x0000021acc801d30 flushing  nmethod 0x0000021abc8a1290
Event: 7634.661 Thread 0x0000021acc801d30 flushing  nmethod 0x0000021abc8d0b10
Event: 7634.661 Thread 0x0000021acc801d30 flushing  nmethod 0x0000021abc8e8b10
Event: 7634.661 Thread 0x0000021acc801d30 flushing  nmethod 0x0000021abc8ee290
Event: 7634.661 Thread 0x0000021acc801d30 flushing  nmethod 0x0000021abc929b90

Events (20 events):
Event: 8998.439 Thread 0x0000021b1754d010 Thread added: 0x0000021b1754e3c0
Event: 8998.441 Thread 0x0000021b1754e3c0 Thread exited: 0x0000021b1754e3c0
Event: 8998.504 Thread 0x0000021b1754fe00 Thread added: 0x0000021b17551840
Event: 8998.538 Thread 0x0000021b1754fe00 Thread exited: 0x0000021b1754fe00
Event: 8998.538 Thread 0x0000021b1754d010 Thread exited: 0x0000021b1754d010
Event: 8998.635 Thread 0x0000021b15bd85b0 Thread added: 0x0000021b1754e3c0
Event: 8999.412 Thread 0x0000021b15bd85b0 Thread added: 0x0000021b1754f0e0
Event: 9013.539 Thread 0x0000021b17551840 Thread exited: 0x0000021b17551840
Event: 9026.776 Thread 0x0000021b15bd85b0 Thread added: 0x0000021b1754f770
Event: 9026.777 Thread 0x0000021b1754f770 Thread exited: 0x0000021b1754f770
Event: 9026.779 Thread 0x0000021b15bd85b0 Thread added: 0x0000021b1754f770
Event: 9026.779 Thread 0x0000021b1754f770 Thread exited: 0x0000021b1754f770
Event: 9026.784 Thread 0x0000021b15bd85b0 Thread added: 0x0000021b1754f770
Event: 9026.784 Thread 0x0000021b1754f770 Thread exited: 0x0000021b1754f770
Event: 9042.077 Thread 0x0000021b15bd85b0 Thread added: 0x0000021b1754f770
Event: 9042.081 Thread 0x0000021b1754f770 Thread exited: 0x0000021b1754f770
Event: 9042.083 Thread 0x0000021b15bd85b0 Thread added: 0x0000021b1754f770
Event: 9042.084 Thread 0x0000021b1754f770 Thread exited: 0x0000021b1754f770
Event: 9042.104 Thread 0x0000021b15bd85b0 Thread added: 0x0000021b1754f770
Event: 9042.105 Thread 0x0000021b1754f770 Thread exited: 0x0000021b1754f770


Dynamic libraries:
0x00007ff7b3450000 - 0x00007ff7b345e000 	c:\Users\nairx\.vscode\extensions\redhat.java-1.56.0-win32-x64\jre\21.0.12.1-win32-x86_64\bin\java.exe
0x00007ff9db5c0000 - 0x00007ff9db827000 	C:\WINDOWS\SYSTEM32\ntdll.dll
0x00007ff9da650000 - 0x00007ff9da71b000 	C:\WINDOWS\System32\KERNEL32.DLL
0x00007ff9d8940000 - 0x00007ff9d8d41000 	C:\WINDOWS\System32\KERNELBASE.dll
0x00007ff9d8f40000 - 0x00007ff9d908c000 	C:\WINDOWS\System32\ucrtbase.dll
0x00007ff9bfca0000 - 0x00007ff9bfcb8000 	c:\Users\nairx\.vscode\extensions\redhat.java-1.56.0-win32-x64\jre\21.0.12.1-win32-x86_64\bin\jli.dll
0x00007ff9db390000 - 0x00007ff9db567000 	C:\WINDOWS\System32\USER32.dll
0x00007ff9d8910000 - 0x00007ff9d8937000 	C:\WINDOWS\System32\win32u.dll
0x00007ff9da7a0000 - 0x00007ff9da7cb000 	C:\WINDOWS\System32\GDI32.dll
0x00007ff9d8e10000 - 0x00007ff9d8f38000 	C:\WINDOWS\System32\gdi32full.dll
0x00007ff9d90a0000 - 0x00007ff9d9143000 	C:\WINDOWS\System32\msvcp_win.dll
0x00007ff9bf520000 - 0x00007ff9bf53e000 	c:\Users\nairx\.vscode\extensions\redhat.java-1.56.0-win32-x64\jre\21.0.12.1-win32-x86_64\bin\VCRUNTIME140.dll
0x00007ff9b9ae0000 - 0x00007ff9b9d70000 	C:\WINDOWS\WinSxS\amd64_microsoft.windows.common-controls_6595b64144ccf1df_6.0.26100.9549_none_3e0a0396e3330090\COMCTL32.dll
0x00007ff9da4c0000 - 0x00007ff9da569000 	C:\WINDOWS\System32\msvcrt.dll
0x00007ff9da380000 - 0x00007ff9da3b1000 	C:\WINDOWS\System32\IMM32.DLL
0x00007ff9d01b0000 - 0x00007ff9d01bc000 	c:\Users\nairx\.vscode\extensions\redhat.java-1.56.0-win32-x64\jre\21.0.12.1-win32-x86_64\bin\vcruntime140_1.dll
0x00007ff9becd0000 - 0x00007ff9bed5d000 	c:\Users\nairx\.vscode\extensions\redhat.java-1.56.0-win32-x64\jre\21.0.12.1-win32-x86_64\bin\msvcp140.dll
0x00007ff945330000 - 0x00007ff9460d2000 	c:\Users\nairx\.vscode\extensions\redhat.java-1.56.0-win32-x64\jre\21.0.12.1-win32-x86_64\bin\server\jvm.dll
0x00007ff9db2d0000 - 0x00007ff9db38b000 	C:\WINDOWS\System32\ADVAPI32.dll
0x00007ff9da5a0000 - 0x00007ff9da648000 	C:\WINDOWS\System32\sechost.dll
0x00007ff9d94f0000 - 0x00007ff9d9608000 	C:\WINDOWS\System32\RPCRT4.dll
0x00007ff9d96d0000 - 0x00007ff9d9751000 	C:\WINDOWS\System32\WS2_32.dll
0x00007ff9d8610000 - 0x00007ff9d866e000 	C:\WINDOWS\SYSTEM32\POWRPROF.dll
0x00007ff9d5da0000 - 0x00007ff9d5dd7000 	C:\WINDOWS\SYSTEM32\WINMM.dll
0x00007ff9cc590000 - 0x00007ff9cc59b000 	C:\WINDOWS\SYSTEM32\VERSION.dll
0x00007ff9d85f0000 - 0x00007ff9d8605000 	C:\WINDOWS\SYSTEM32\UMPDC.dll
0x00007ff9d7460000 - 0x00007ff9d747b000 	C:\WINDOWS\SYSTEM32\kernel.appcore.dll
0x00007ff9c6d40000 - 0x00007ff9c6d4a000 	c:\Users\nairx\.vscode\extensions\redhat.java-1.56.0-win32-x64\jre\21.0.12.1-win32-x86_64\bin\jimage.dll
0x00007ff9d5ad0000 - 0x00007ff9d5d1c000 	C:\WINDOWS\SYSTEM32\DBGHELP.DLL
0x00007ff9d9860000 - 0x00007ff9d9bea000 	C:\WINDOWS\System32\combase.dll
0x00007ff9da220000 - 0x00007ff9da2f9000 	C:\WINDOWS\System32\OLEAUT32.dll
0x00007ff9d5d60000 - 0x00007ff9d5d9b000 	C:\WINDOWS\SYSTEM32\dbgcore.DLL
0x00007ff9d8d50000 - 0x00007ff9d8dfc000 	C:\WINDOWS\System32\bcryptPrimitives.dll
0x00007ff9c6690000 - 0x00007ff9c669f000 	c:\Users\nairx\.vscode\extensions\redhat.java-1.56.0-win32-x64\jre\21.0.12.1-win32-x86_64\bin\instrument.dll
0x00007ff9bf500000 - 0x00007ff9bf520000 	c:\Users\nairx\.vscode\extensions\redhat.java-1.56.0-win32-x64\jre\21.0.12.1-win32-x86_64\bin\java.dll
0x00007ff9da940000 - 0x00007ff9db0dc000 	C:\WINDOWS\System32\SHELL32.dll
0x00007ff9d61d0000 - 0x00007ff9d6a7d000 	C:\WINDOWS\SYSTEM32\windows.storage.dll
0x00007ff9d9760000 - 0x00007ff9d9859000 	C:\WINDOWS\System32\SHCORE.dll
0x00007ff9da720000 - 0x00007ff9da786000 	C:\WINDOWS\System32\shlwapi.dll
0x00007ff9d86d0000 - 0x00007ff9d86f9000 	C:\WINDOWS\SYSTEM32\profapi.dll
0x00007ff9bf4e0000 - 0x00007ff9bf4f8000 	c:\Users\nairx\.vscode\extensions\redhat.java-1.56.0-win32-x64\jre\21.0.12.1-win32-x86_64\bin\zip.dll
0x00007ff9c4da0000 - 0x00007ff9c4db0000 	C:\Users\nairx\.vscode\extensions\redhat.java-1.56.0-win32-x64\jre\21.0.12.1-win32-x86_64\bin\net.dll
0x00007ff9c6ea0000 - 0x00007ff9c6fca000 	C:\WINDOWS\SYSTEM32\WINHTTP.dll
0x00007ff9d7a20000 - 0x00007ff9d7a8c000 	C:\WINDOWS\system32\mswsock.dll
0x00007ff9bf4a0000 - 0x00007ff9bf4b6000 	C:\Users\nairx\.vscode\extensions\redhat.java-1.56.0-win32-x64\jre\21.0.12.1-win32-x86_64\bin\nio.dll
0x00007ff9c4d40000 - 0x00007ff9c4d50000 	c:\Users\nairx\.vscode\extensions\redhat.java-1.56.0-win32-x64\jre\21.0.12.1-win32-x86_64\bin\verify.dll
0x00007ff9baf50000 - 0x00007ff9baf95000 	C:\Users\nairx\AppData\Roaming\Code\User\globalStorage\redhat.java\1.56.0\config_win\org.eclipse.equinox.launcher\org.eclipse.equinox.launcher.win32.win32.x86_64_1.3.100.v20260804-1928\eclipse_11924.dll
0x00007ff9d9bf0000 - 0x00007ff9d9d8a000 	C:\WINDOWS\System32\ole32.dll
0x00007ff9d4e70000 - 0x00007ff9d4e7a000 	C:\Users\nairx\.vscode\extensions\redhat.java-1.56.0-win32-x64\jre\21.0.12.1-win32-x86_64\bin\management.dll
0x00007ff9d4e60000 - 0x00007ff9d4e6c000 	C:\Users\nairx\.vscode\extensions\redhat.java-1.56.0-win32-x64\jre\21.0.12.1-win32-x86_64\bin\management_ext.dll
0x00007ff9da790000 - 0x00007ff9da798000 	C:\WINDOWS\System32\PSAPI.DLL
0x00007ff9d7d10000 - 0x00007ff9d7d2b000 	C:\WINDOWS\SYSTEM32\CRYPTSP.dll
0x00007ff9d73c0000 - 0x00007ff9d73f9000 	C:\WINDOWS\system32\rsaenh.dll
0x00007ff9d7ad0000 - 0x00007ff9d7b04000 	C:\WINDOWS\SYSTEM32\USERENV.dll
0x00007ff9d86a0000 - 0x00007ff9d86ca000 	C:\WINDOWS\SYSTEM32\bcrypt.dll
0x00007ff9d7d30000 - 0x00007ff9d7d3c000 	C:\WINDOWS\SYSTEM32\CRYPTBASE.dll
0x00007ff9d6ea0000 - 0x00007ff9d6ed3000 	C:\WINDOWS\SYSTEM32\IPHLPAPI.DLL
0x00007ff9db570000 - 0x00007ff9db57a000 	C:\WINDOWS\System32\NSI.dll
0x00007ff9aa8f0000 - 0x00007ff9aa939000 	C:\Users\nairx\AppData\Local\Temp\jna-104581596\jna7961214426947239500.dll
0x00007ff9ccd70000 - 0x00007ff9ccd8e000 	C:\WINDOWS\SYSTEM32\dhcpcsvc6.DLL
0x00007ff9ccd20000 - 0x00007ff9ccd45000 	C:\WINDOWS\SYSTEM32\dhcpcsvc.DLL
0x00007ff9d4e50000 - 0x00007ff9d4e5e000 	C:\Users\nairx\.vscode\extensions\redhat.java-1.56.0-win32-x64\jre\21.0.12.1-win32-x86_64\bin\sunmscapi.dll
0x00007ff9d9150000 - 0x00007ff9d92cf000 	C:\WINDOWS\System32\CRYPT32.dll
0x00007ff9d7f70000 - 0x00007ff9d7fa0000 	C:\WINDOWS\SYSTEM32\ncrypt.dll
0x00007ff9d7f20000 - 0x00007ff9d7f5f000 	C:\WINDOWS\SYSTEM32\NTASN1.dll
0x00007ff9d6ee0000 - 0x00007ff9d7038000 	C:\WINDOWS\SYSTEM32\DNSAPI.dll
0x00007ff9d7800000 - 0x00007ff9d780d000 	C:\WINDOWS\SYSTEM32\DSPARSE.dll
0x00007ff9cc5a0000 - 0x00007ff9cc5ab000 	C:\Windows\System32\rasadhlp.dll
0x00007ff9ce9d0000 - 0x00007ff9cea56000 	C:\WINDOWS\System32\fwpuclnt.dll
0x00007ff9d4e40000 - 0x00007ff9d4e49000 	C:\Users\nairx\.vscode\extensions\redhat.java-1.56.0-win32-x64\jre\21.0.12.1-win32-x86_64\bin\extnet.dll

JVMTI agents:
c:\Users\nairx\.vscode\extensions\redhat.java-1.56.0-win32-x64\lombok\lombok-1.18.39-4050.jar path:c:\Users\nairx\.vscode\extensions\redhat.java-1.56.0-win32-x64\jre\21.0.12.1-win32-x86_64\bin\instrument.dll, loaded, initialized, instrumentlib options:none

dbghelp: loaded successfully - version: 4.0.5 - missing functions: none
symbol engine: initialized successfully - sym options: 0x614 - pdb path: .;c:\Users\nairx\.vscode\extensions\redhat.java-1.56.0-win32-x64\jre\21.0.12.1-win32-x86_64\bin;C:\WINDOWS\SYSTEM32;C:\WINDOWS\WinSxS\amd64_microsoft.windows.common-controls_6595b64144ccf1df_6.0.26100.9549_none_3e0a0396e3330090;c:\Users\nairx\.vscode\extensions\redhat.java-1.56.0-win32-x64\jre\21.0.12.1-win32-x86_64\bin\server;C:\Users\nairx\AppData\Roaming\Code\User\globalStorage\redhat.java\1.56.0\config_win\org.eclipse.equinox.launcher\org.eclipse.equinox.launcher.win32.win32.x86_64_1.3.100.v20260804-1928;C:\Users\nairx\AppData\Local\Temp\jna-104581596

VM Arguments:
jvm_args: --add-modules=ALL-SYSTEM --add-opens=java.base/java.util=ALL-UNNAMED --add-opens=java.base/java.lang=ALL-UNNAMED --add-opens=java.base/sun.nio.fs=ALL-UNNAMED -Declipse.application=org.eclipse.jdt.ls.core.id1 -Dosgi.bundles.defaultStartLevel=4 -Declipse.product=org.eclipse.jdt.ls.core.product -Djava.import.generatesMetadataFilesAtProjectRoot=false -Dm2e.project.cache.size=50 -DDetectVMInstallationsJob.disabled=true -Dfile.encoding=utf8 -XX:+UseParallelGC -XX:GCTimeRatio=4 -XX:AdaptiveSizePolicyWeight=90 -Dsun.zip.disableMemoryMapping=true -Xmx2G -Xms100m -Xlog:disable -javaagent:c:\Users\nairx\.vscode\extensions\redhat.java-1.56.0-win32-x64\lombok\lombok-1.18.39-4050.jar -XX:+HeapDumpOnOutOfMemoryError -XX:HeapDumpPath=c:\Users\nairx\AppData\Roaming\Code\User\workspaceStorage\c807d2dcc260e97675d8e210892ebe21\redhat.java -Daether.dependencyCollector.impl=bf 
java_command: c:\Users\nairx\.vscode\extensions\redhat.java-1.56.0-win32-x64\server\plugins\org.eclipse.equinox.launcher_1.8.0.v20260804-1928.jar -configuration c:\Users\nairx\AppData\Roaming\Code\User\globalStorage\redhat.java\1.56.0\config_win -data c:\Users\nairx\AppData\Roaming\Code\User\workspaceStorage\c807d2dcc260e97675d8e210892ebe21\redhat.java\jdt_ws --pipe=\\.\pipe\lsp-4755d45496491ebff8cf54682c128d55-sock
java_class_path (initial): c:\Users\nairx\.vscode\extensions\redhat.java-1.56.0-win32-x64\server\plugins\org.eclipse.equinox.launcher_1.8.0.v20260804-1928.jar
Launcher Type: SUN_STANDARD

[Global flags]
    uintx AdaptiveSizePolicyWeight                 = 90                                        {product} {command line}
     intx CICompilerCount                          = 4                                         {product} {ergonomic}
    uintx GCTimeRatio                              = 4                                         {product} {command line}
     bool HeapDumpOnOutOfMemoryError               = true                                   {manageable} {command line}
    ccstr HeapDumpPath                             = c:\Users\nairx\AppData\Roaming\Code\User\workspaceStorage\c807d2dcc260e97675d8e210892ebe21\redhat.java         {manageable} {command line}
   size_t InitialHeapSize                          = 104857600                                 {product} {command line}
   size_t MaxHeapSize                              = 2147483648                                {product} {command line}
   size_t MaxNewSize                               = 715653120                                 {product} {ergonomic}
   size_t MinHeapDeltaBytes                        = 524288                                    {product} {ergonomic}
   size_t MinHeapSize                              = 104857600                                 {product} {command line}
   size_t NewSize                                  = 34603008                                  {product} {ergonomic}
    uintx NonNMethodCodeHeapSize                   = 5839372                                {pd product} {ergonomic}
    uintx NonProfiledCodeHeapSize                  = 122909434                              {pd product} {ergonomic}
   size_t OldSize                                  = 70254592                                  {product} {ergonomic}
    uintx ProfiledCodeHeapSize                     = 122909434                              {pd product} {ergonomic}
    uintx ReservedCodeCacheSize                    = 251658240                              {pd product} {ergonomic}
     bool SegmentedCodeCache                       = true                                      {product} {ergonomic}
   size_t SoftMaxHeapSize                          = 2147483648                             {manageable} {ergonomic}
     bool UseCompressedOops                        = true                           {product lp64_product} {ergonomic}
     bool UseLargePagesIndividualAllocation        = false                                  {pd product} {ergonomic}
     bool UseParallelGC                            = true                                      {product} {command line}

Logging:
Log output configuration:
 #0: stdout all=off uptime,level,tags foldmultilines=false
 #1: stderr all=off uptime,level,tags foldmultilines=false

Release file:
JAVA_VERSION="21.0.12.1" 
MODULES="java.base java.compiler java.datatransfer java.xml java.prefs java.desktop java.instrument java.logging java.management java.security.sasl java.naming java.rmi java.management.rmi java.net.http java.scripting java.security.jgss java.transaction.xa java.sql java.sql.rowset java.xml.crypto java.se java.smartcardio jdk.accessibility jdk.internal.jvmstat jdk.attach jdk.charsets jdk.internal.opt jdk.zipfs jdk.compiler jdk.crypto.ec jdk.crypto.cryptoki jdk.crypto.mscapi jdk.dynalink jdk.internal.ed jdk.editpad jdk.hotspot.agent jdk.httpserver jdk.internal.le jdk.internal.vm.ci jdk.internal.vm.compiler jdk.internal.vm.compiler.management jdk.jartool jdk.javadoc jdk.jcmd jdk.management jdk.management.agent jdk.jconsole jdk.jdeps jdk.jdwp.agent jdk.jdi jdk.jfr jdk.jshell jdk.jsobject jdk.jstatd jdk.localedata jdk.management.jfr jdk.naming.dns jdk.naming.rmi jdk.net jdk.nio.mapmode jdk.random jdk.sctp jdk.security.auth jdk.security.jgss jdk.unsupported jdk.unsupported.desktop jdk.xml.dom" 

Environment Variables:
PATH=C:\Program Files\Common Files\Oracle\Java\javapath;C:\Program Files\Python311\Scripts\;C:\Program Files\Python311\;C:\Windows\system32;C:\Windows;C:\Windows\System32\Wbem;C:\Windows\System32\WindowsPowerShell\v1.0\;C:\Windows\System32\OpenSSH\;C:\Program Files\NVIDIA Corporation\NVIDIA NvDLISR;C:\ProgramData\chocolatey\bin;C:\WINDOWS\system32;C:\WINDOWS;C:\WINDOWS\System32\Wbem;C:\WINDOWS\System32\WindowsPowerShell\v1.0\;C:\WINDOWS\System32\OpenSSH\;C:\Program Files\Java\jdk-17.0.3.1;C:\WINDOWS\system32;C:\WINDOWS;C:\WINDOWS\System32\Wbem;C:\WINDOWS\System32\WindowsPowerShell\v1.0\;C:\WINDOWS\System32\OpenSSH\;C:\Users\nairx\AppData\Roaming\Python\Python311\Scripts\;c:\Program Files\Git\;c:\program files\mongodb\server\7.0\bin;D:\Program Files\nodejs\;D:\batches\AZA\AZA26D\br26d\part6\utils\;D:\Program Files\Git\cmd;C:\Program Files\dotnet\;C:\Program Files\MySQL\MySQL Shell 8.0\bin\;D:\Program Files\Python314\Scripts\;D:\Program Files\Python314\;C:\Users\nairx\AppData\Local\Programs\Python\Launcher\;C:\Users\nairx\AppData\Local\Microsoft\WindowsApps;D:\Program Files\Microsoft VS Code\bin;D:\batches\AZA\AZA26D\br26d\part6\utils\;C:\Apache\apache-maven-3.9.16\bin;D:\Users\nairx\AppData\Local\Programs\mongosh\;C:\Program Files\MongoDB\Server\8.2\bin;
USERNAME=nairx
OS=Windows_NT
PROCESSOR_IDENTIFIER=Intel64 Family 6 Model 140 Stepping 1, GenuineIntel
TMP=C:\Users\nairx\AppData\Local\Temp
TEMP=C:\Users\nairx\AppData\Local\Temp




Periodic native trim disabled

---------------  S Y S T E M  ---------------

OS:
 Windows 11 , 64 bit Build 26100 (10.0.26100.9549)
OS uptime: 7 days 18:28 hours
Hyper-V role detected

CPU: total 8 (initial active 8) (4 cores per cpu, 2 threads per core) family 6 model 140 stepping 1 microcode 0xb8, cx8, cmov, fxsr, ht, mmx, 3dnowpref, sse, sse2, sse3, ssse3, sse4.1, sse4.2, popcnt, lzcnt, tsc, tscinvbit, avx, avx2, aes, erms, clmul, bmi1, bmi2, adx, avx512f, avx512dq, avx512cd, avx512bw, avx512vl, sha, fma, vzeroupper, avx512_vpopcntdq, avx512_vpclmulqdq, avx512_vaes, avx512_vnni, clflush, clflushopt, clwb, avx512_vbmi2, avx512_vbmi, hv, rdtscp, rdpid, fsrm, gfni, avx512_bitalg, f16c, cet_ibt, cet_ss, avx512_ifma
Processor Information for the first 8 processors :
  Max Mhz: 1382, Current Mhz: 1382, Mhz Limit: 1382

Memory: 4k page, system-wide physical 7914M (301M free)
TotalPageFile size 32490M (AvailPageFile size 0M)
current process WorkingSet (physical memory assigned to process): 404M, peak: 837M
current process commit charge ("private bytes"): 1687M, peak: 1811M

vm_info: OpenJDK 64-Bit Server VM (21.0.12.1+1-LTS) for windows-amd64 JRE (21.0.12.1+1-LTS), built on 2026-08-18T00:00:00Z by "admin" with MS VC++ 17.12 (VS2022)

END.
